Archive member included because of file (symbol)

C:\Users\sasha\Documents\LPCXpresso_7.9.0_455\workspace\CMSIS_CORE_LPC17xx\Debug\libCMSIS_CORE_LPC17xx.a(system_LPC17xx.o)
                              ./src/cr_startup_lpc175x_6x.o (SystemInit)
c:/nxp/lpcxpresso_7.9.0_455/lpcxpresso/tools/bin/../lib/gcc/arm-none-eabi/4.9.3/../../../../arm-none-eabi/lib/armv7-m\libcr_semihost.a(_cr__main.o)
                              ./src/cr_startup_lpc175x_6x.o (__main)
c:/nxp/lpcxpresso_7.9.0_455/lpcxpresso/tools/bin/../lib/gcc/arm-none-eabi/4.9.3/../../../../arm-none-eabi/lib/armv7-m\libcr_c.a(acosf.o)
                              ./src/cmpe240-2DvectorGraphics.o (acosf)
c:/nxp/lpcxpresso_7.9.0_455/lpcxpresso/tools/bin/../lib/gcc/arm-none-eabi/4.9.3/../../../../arm-none-eabi/lib/armv7-m\libcr_c.a(memcpy.o)
                              ./src/cmpe240-2DvectorGraphics.o (memcpy)
c:/nxp/lpcxpresso_7.9.0_455/lpcxpresso/tools/bin/../lib/gcc/arm-none-eabi/4.9.3/../../../../arm-none-eabi/lib/armv7-m\libcr_c.a(cos.o)
                              ./src/cmpe240-2DvectorGraphics.o (cos)
c:/nxp/lpcxpresso_7.9.0_455/lpcxpresso/tools/bin/../lib/gcc/arm-none-eabi/4.9.3/../../../../arm-none-eabi/lib/armv7-m\libcr_c.a(fpprintf.o)
                              ./src/cmpe240-2DvectorGraphics.o (printf)
c:/nxp/lpcxpresso_7.9.0_455/lpcxpresso/tools/bin/../lib/gcc/arm-none-eabi/4.9.3/../../../../arm-none-eabi/lib/armv7-m\libcr_c.a(initio.o)
                              c:/nxp/lpcxpresso_7.9.0_455/lpcxpresso/tools/bin/../lib/gcc/arm-none-eabi/4.9.3/../../../../arm-none-eabi/lib/armv7-m\libcr_semihost.a(_cr__main.o) (_initio)
c:/nxp/lpcxpresso_7.9.0_455/lpcxpresso/tools/bin/../lib/gcc/arm-none-eabi/4.9.3/../../../../arm-none-eabi/lib/armv7-m\libcr_c.a(pow.o)
                              ./src/cmpe240-2DvectorGraphics.o (pow)
c:/nxp/lpcxpresso_7.9.0_455/lpcxpresso/tools/bin/../lib/gcc/arm-none-eabi/4.9.3/../../../../arm-none-eabi/lib/armv7-m\libcr_c.a(printf.o)
                              c:/nxp/lpcxpresso_7.9.0_455/lpcxpresso/tools/bin/../lib/gcc/arm-none-eabi/4.9.3/../../../../arm-none-eabi/lib/armv7-m\libcr_c.a(fpprintf.o) (__vfprintf)
c:/nxp/lpcxpresso_7.9.0_455/lpcxpresso/tools/bin/../lib/gcc/arm-none-eabi/4.9.3/../../../../arm-none-eabi/lib/armv7-m\libcr_c.a(setvbuf.o)
                              c:/nxp/lpcxpresso_7.9.0_455/lpcxpresso/tools/bin/../lib/gcc/arm-none-eabi/4.9.3/../../../../arm-none-eabi/lib/armv7-m\libcr_c.a(initio.o) (setvbuf)
c:/nxp/lpcxpresso_7.9.0_455/lpcxpresso/tools/bin/../lib/gcc/arm-none-eabi/4.9.3/../../../../arm-none-eabi/lib/armv7-m\libcr_c.a(sin.o)
                              ./src/cmpe240-2DvectorGraphics.o (sin)
c:/nxp/lpcxpresso_7.9.0_455/lpcxpresso/tools/bin/../lib/gcc/arm-none-eabi/4.9.3/../../../../arm-none-eabi/lib/armv7-m\libcr_c.a(sqrt.o)
                              ./src/cmpe240-2DvectorGraphics.o (sqrt)
c:/nxp/lpcxpresso_7.9.0_455/lpcxpresso/tools/bin/../lib/gcc/arm-none-eabi/4.9.3/../../../../arm-none-eabi/lib/armv7-m\libcr_c.a(stdio.o)
                              c:/nxp/lpcxpresso_7.9.0_455/lpcxpresso/tools/bin/../lib/gcc/arm-none-eabi/4.9.3/../../../../arm-none-eabi/lib/armv7-m\libcr_c.a(fpprintf.o) (__Ciob)
c:/nxp/lpcxpresso_7.9.0_455/lpcxpresso/tools/bin/../lib/gcc/arm-none-eabi/4.9.3/../../../../arm-none-eabi/lib/armv7-m\libcr_c.a(stdlib.o)
                              ./src/cmpe240-2DvectorGraphics.o (rand)
c:/nxp/lpcxpresso_7.9.0_455/lpcxpresso/tools/bin/../lib/gcc/arm-none-eabi/4.9.3/../../../../arm-none-eabi/lib/armv7-m\libcr_c.a(strlen.o)
                              c:/nxp/lpcxpresso_7.9.0_455/lpcxpresso/tools/bin/../lib/gcc/arm-none-eabi/4.9.3/../../../../arm-none-eabi/lib/armv7-m\libcr_c.a(printf.o) (strlen)
c:/nxp/lpcxpresso_7.9.0_455/lpcxpresso/tools/bin/../lib/gcc/arm-none-eabi/4.9.3/../../../../arm-none-eabi/lib/armv7-m\libcr_c.a(_asinacosf.o)
                              c:/nxp/lpcxpresso_7.9.0_455/lpcxpresso/tools/bin/../lib/gcc/arm-none-eabi/4.9.3/../../../../arm-none-eabi/lib/armv7-m\libcr_c.a(acosf.o) (_asinacosf)
c:/nxp/lpcxpresso_7.9.0_455/lpcxpresso/tools/bin/../lib/gcc/arm-none-eabi/4.9.3/../../../../arm-none-eabi/lib/armv7-m\libcr_c.a(fabsf.o)
                              c:/nxp/lpcxpresso_7.9.0_455/lpcxpresso/tools/bin/../lib/gcc/arm-none-eabi/4.9.3/../../../../arm-none-eabi/lib/armv7-m\libcr_c.a(_asinacosf.o) (fabsf)
c:/nxp/lpcxpresso_7.9.0_455/lpcxpresso/tools/bin/../lib/gcc/arm-none-eabi/4.9.3/../../../../arm-none-eabi/lib/armv7-m\libcr_c.a(sqrtf.o)
                              c:/nxp/lpcxpresso_7.9.0_455/lpcxpresso/tools/bin/../lib/gcc/arm-none-eabi/4.9.3/../../../../arm-none-eabi/lib/armv7-m\libcr_c.a(_asinacosf.o) (sqrtf)
c:/nxp/lpcxpresso_7.9.0_455/lpcxpresso/tools/bin/../lib/gcc/arm-none-eabi/4.9.3/../../../../arm-none-eabi/lib/armv7-m\libcr_c.a(memset.o)
                              c:/nxp/lpcxpresso_7.9.0_455/lpcxpresso/tools/bin/../lib/gcc/arm-none-eabi/4.9.3/../../../../arm-none-eabi/lib/armv7-m\libcr_c.a(fpprintf.o) (memset)
[...]
Memory Configuration

Name             Origin             Length             Attributes
MFlash512        0x00000000         0x00080000         xr
RamLoc32         0x10000000         0x00008000         xrw
RamAHB32         0x2007c000         0x00008000         xrw
*default*        0x00000000         0xffffffff

Linker script and memory map

LOAD ./src/Adafruit-GFX-Library-master/glcdfont.o
LOAD ./src/Graphics3 glcdfont.o
LOAD ./src/cmpe240-2DvectorGraphics.o
LOAD ./src/cr_startup_lpc175x_6x.o
LOAD ./src/crp.o
LOAD ./src/extint.o
LOAD ./src/ssp.o
LOAD C:\Users\sasha\Documents\LPCXpresso_7.9.0_455\workspace\CMSIS_CORE_LPC17xx\Debug\libCMSIS_CORE_LPC17xx.a
START GROUP
LOAD c:/nxp/lpcxpresso_7.9.0_455/lpcxpresso/tools/bin/../lib/gcc/arm-none-eabi/4.9.3/../../../../arm-none-eabi/lib/armv7-m\libcr_semihost.a
LOAD c:/nxp/lpcxpresso_7.9.0_455/lpcxpresso/tools/bin/../lib/gcc/arm-none-eabi/4.9.3/../../../../arm-none-eabi/lib/armv7-m\libcr_c.a
LOAD c:/nxp/lpcxpresso_7.9.0_455/lpcxpresso/tools/bin/../lib/gcc/arm-none-eabi/4.9.3/armv7-m\libcr_eabihelpers.a
END GROUP
                0x00080000                __top_MFlash512 = 0x80000
                0x00080000                __top_Flash = 0x80000
                0x10008000                __top_RamLoc32 = 0x10008000
                0x10008000                __top_RAM = 0x10008000
                0x20084000                __top_RamAHB32 = 0x20084000
                0x20084000                __top_RAM2 = 0x20084000

.text           0x00000000    0x1afd8
 FILL mask 0xff
                0x00000000                __vectors_start__ = ABSOLUTE (.)
 *(.isr_vector)
 .isr_vector    0x00000000       0xcc ./src/cr_startup_lpc175x_6x.o
                0x00000000                g_pfnVectors
                0x000000cc                . = ALIGN (0x4)
                0x000000cc                __section_table_start = .
                0x000000cc                __data_section_table = .
                0x000000cc        0x4 LONG 0x1afd8 LOADADDR (.data)
                0x000000d0        0x4 LONG 0x10000000 ADDR (.data)
                0x000000d4        0x4 LONG 0xec SIZEOF (.data)
                0x000000d8        0x4 LONG 0x1afd8 LOADADDR (.data_RAM2)
                0x000000dc        0x4 LONG 0x2007c000 ADDR (.data_RAM2)
                0x000000e0        0x4 LONG 0x0 SIZEOF (.data_RAM2)
                0x000000e4                __data_section_table_end = .
                0x000000e4                __bss_section_table = .
                0x000000e4        0x4 LONG 0x100000ec ADDR (.bss)
                0x000000e8        0x4 LONG 0x188 SIZEOF (.bss)
                0x000000ec        0x4 LONG 0x2007c000 ADDR (.bss_RAM2)
                0x000000f0        0x4 LONG 0x0 SIZEOF (.bss_RAM2)
                0x000000f4                __bss_section_table_end = .
                0x000000f4                __section_table_end = .
 *(.after_vectors*)
 .after_vectors
                0x000000f4      0x144 ./src/cr_startup_lpc175x_6x.o
                0x000000f4                data_init
                0x00000138                bss_init
                0x00000170                ResetISR
                0x000001e8                NMI_Handler
                0x000001f0                HardFault_Handler
                0x000001f8                MemManage_Handler
                0x00000200                BusFault_Handler
                0x00000208                UsageFault_Handler
                0x00000210                SVC_Handler
                0x00000218                DebugMon_Handler
                0x00000220                PendSV_Handler
                0x00000228                SysTick_Handler
                0x00000230                CANActivity_IRQHandler
                0x00000230                TIMER3_IRQHandler
                0x00000230                UART0_IRQHandler
                0x00000230                EINT3_IRQHandler
                0x00000230                UART1_IRQHandler
                0x00000230                USBActivity_IRQHandler
                0x00000230                IntDefaultHandler
                0x00000230                I2C0_IRQHandler
                0x00000230                I2C1_IRQHandler
                0x00000230                PLL1_IRQHandler
                0x00000230                I2S_IRQHandler
                0x00000230                I2C2_IRQHandler
                0x00000230                RTC_IRQHandler
                0x00000230                TIMER0_IRQHandler
                0x00000230                SPI_IRQHandler
                0x00000230                RIT_IRQHandler
                0x00000230                TIMER1_IRQHandler
                0x00000230                UART2_IRQHandler
                0x00000230                ADC_IRQHandler
                0x00000230                USB_IRQHandler
                0x00000230                BOD_IRQHandler
                0x00000230                CAN_IRQHandler
                0x00000230                WDT_IRQHandler
                0x00000230                PWM1_IRQHandler
                0x00000230                QEI_IRQHandler
                0x00000230                PLL0_IRQHandler
                0x00000230                DMA_IRQHandler
                0x00000230                TIMER2_IRQHandler
                0x00000230                UART3_IRQHandler
                0x00000230                MCPWM_IRQHandler
                0x00000230                ENET_IRQHandler
                0x000002fc                . = 0x2fc
 *fill*         0x00000238       0xc4 ff
                0x000002fc                PROVIDE (__CRP_WORD_START__, .)
 *(.crp)
 .crp           0x000002fc        0x4 ./src/cmpe240-2DvectorGraphics.o
                0x000002fc                CRP_WORD
                0x00000300                PROVIDE (__CRP_WORD_END__, .)
                0x00000001                ASSERT (! ((__CRP_WORD_START__ == __CRP_WORD_END__)), Linker CRP Enabled, but no CRP_WORD provided within application)
 *(.text*)
 .text.spiwrite
                0x00000300       0x40 ./src/cmpe240-2DvectorGraphics.o
                0x00000300                spiwrite
 .text.writecommand
                0x00000340       0x28 ./src/cmpe240-2DvectorGraphics.o
                0x00000340                writecommand
 .text.writedata
                0x00000368       0x28 ./src/cmpe240-2DvectorGraphics.o
                0x00000368                writedata
 .text.writeword
                0x00000390       0x2c ./src/cmpe240-2DvectorGraphics.o
                0x00000390                writeword
 .text.write888
                0x000003bc       0x4c ./src/cmpe240-2DvectorGraphics.o
                0x000003bc                write888
 .text.setAddrWindow
                0x00000408       0x50 ./src/cmpe240-2DvectorGraphics.o
                0x00000408                setAddrWindow
 .text.drawPixel
                0x00000458       0x6c ./src/cmpe240-2DvectorGraphics.o
                0x00000458                drawPixel
 .text.lcd_init
                0x000004c4      0x154 ./src/cmpe240-2DvectorGraphics.o
                0x000004c4                lcd_init
 .text.drawline
                0x00000618      0x190 ./src/cmpe240-2DvectorGraphics.o
                0x00000618                drawline
 .text.fillRect
                0x000007a8       0x60 ./src/cmpe240-2DvectorGraphics.o
                0x000007a8                fillRect
 .text.drawFastVLine
                0x00000808       0x40 ./src/cmpe240-2DvectorGraphics.o
                0x00000808                drawFastVLine
 .text.onSegment
                0x00000848       0x64 ./src/cmpe240-2DvectorGraphics.o
                0x00000848                onSegment
 .text.orientation
                0x000008ac       0x5c ./src/cmpe240-2DvectorGraphics.o
                0x000008ac                orientation
 .text.doIntersect
                0x00000908      0x170 ./src/cmpe240-2DvectorGraphics.o
                0x00000908                doIntersect
 .text.isInside
                0x00000a78       0xe8 ./src/cmpe240-2DvectorGraphics.o
                0x00000a78                isInside
 .text.Point    0x00000b60      0x4d8 ./src/cmpe240-2DvectorGraphics.o
                0x00000b60                Point
 .text.Shade    0x00001038       0x40 ./src/cmpe240-2DvectorGraphics.o
                0x00001038                Shade
 .text.DrawScreenSaver
                0x00001078      0x730 ./src/cmpe240-2DvectorGraphics.o
                0x00001078                DrawScreenSaver
 .text.DrawBackgroundorForest
                0x000017a8      0x164 ./src/cmpe240-2DvectorGraphics.o
                0x000017a8                DrawBackgroundorForest
 *fill*         0x0000190c        0x4 
 .text.grow_mytree
                0x00001910      0x200 ./src/cmpe240-2DvectorGraphics.o
                0x00001910                grow_mytree
 .text.DrawForest
                0x00001b10      0x2e0 ./src/cmpe240-2DvectorGraphics.o
                0x00001b10                DrawForest
 .text.FloodFill
                0x00001df0      0x4ac ./src/cmpe240-2DvectorGraphics.o
                0x00001df0                FloodFill
 .text.main     0x0000229c      0xa78 ./src/cmpe240-2DvectorGraphics.o
                0x0000229c                main
 .text.EINT0_IRQHandler
                0x00002d14       0x30 ./src/extint.o
                0x00002d14                EINT0_IRQHandler
 .text.EINT1_IRQHandler
                0x00002d44       0x30 ./src/extint.o
                0x00002d44                EINT1_IRQHandler
 .text.EINT2_IRQHandler
                0x00002d74       0x30 ./src/extint.o
                0x00002d74                EINT2_IRQHandler
 .text.NVIC_EnableIRQ
                0x00002da4       0x30 ./src/ssp.o
 .text.SSP0_IRQHandler
                0x00002dd4       0x70 ./src/ssp.o
                0x00002dd4                SSP0_IRQHandler
 .text.SSP1_IRQHandler
                0x00002e44       0x70 ./src/ssp.o
                0x00002e44                SSP1_IRQHandler
 .text.SSP_SSELToggle
                0x00002eb4       0x68 ./src/ssp.o
                0x00002eb4                SSP_SSELToggle
 .text.SSP0Init
                0x00002f1c       0xc0 ./src/ssp.o
                0x00002f1c                SSP0Init
 .text.SSP1Init
                0x00002fdc       0xa8 ./src/ssp.o
                0x00002fdc                SSP1Init
 .text.SSPSend  0x00003084       0xa4 ./src/ssp.o
                0x00003084                SSPSend
 .text.SystemInit
                0x00003128       0xe0 C:\Users\sasha\Documents\LPCXpresso_7.9.0_455\workspace\CMSIS_CORE_LPC17xx\Debug\libCMSIS_CORE_LPC17xx.a(system_LPC17xx.o)
                0x00003128                SystemInit
 .text.__main   0x00003208       0x14 c:/nxp/lpcxpresso_7.9.0_455/lpcxpresso/tools/bin/../lib/gcc/arm-none-eabi/4.9.3/../../../../arm-none-eabi/lib/armv7-m\libcr_semihost.a(_cr__main.o)
                0x00003208                __CR_SEMIHOST
                0x00003208                __main
 .text.acosf    0x0000321c        0x6 c:/nxp/lpcxpresso_7.9.0_455/lpcxpresso/tools/bin/../lib/gcc/arm-none-eabi/4.9.3/../../../../arm-none-eabi/lib/armv7-m\libcr_c.a(acosf.o)
                0x0000321c                acosf
 .text.memcpy   0x00003222        0x4 c:/nxp/lpcxpresso_7.9.0_455/lpcxpresso/tools/bin/../lib/gcc/arm-none-eabi/4.9.3/../../../../arm-none-eabi/lib/armv7-m\libcr_c.a(memcpy.o)
                0x00003222                memcpy
 *fill*         0x00003226        0x2 
 .text.cos      0x00003228       0x70 c:/nxp/lpcxpresso_7.9.0_455/lpcxpresso/tools/bin/../lib/gcc/arm-none-eabi/4.9.3/../../../../arm-none-eabi/lib/armv7-m\libcr_c.a(cos.o)
                0x00003228                cos
 .text.fp_round
                0x00003298       0x4a c:/nxp/lpcxpresso_7.9.0_455/lpcxpresso/tools/bin/../lib/gcc/arm-none-eabi/4.9.3/../../../../arm-none-eabi/lib/armv7-m\libcr_c.a(fpprintf.o)
 .text.pr_dec.constprop.1
                0x000032e2       0x26 c:/nxp/lpcxpresso_7.9.0_455/lpcxpresso/tools/bin/../lib/gcc/arm-none-eabi/4.9.3/../../../../arm-none-eabi/lib/armv7-m\libcr_c.a(fpprintf.o)
 .text.sprintf  0x00003308       0x6c c:/nxp/lpcxpresso_7.9.0_455/lpcxpresso/tools/bin/../lib/gcc/arm-none-eabi/4.9.3/../../../../arm-none-eabi/lib/armv7-m\libcr_c.a(fpprintf.o)
                0x00003308                sprintf
 *fill*         0x00003374        0x4 
 .text.fp_display
                0x00003378      0x900 c:/nxp/lpcxpresso_7.9.0_455/lpcxpresso/tools/bin/../lib/gcc/arm-none-eabi/4.9.3/../../../../arm-none-eabi/lib/armv7-m\libcr_c.a(fpprintf.o)
 .text.vsnprintf
                0x00003c78       0x5c c:/nxp/lpcxpresso_7.9.0_455/lpcxpresso/tools/bin/../lib/gcc/arm-none-eabi/4.9.3/../../../../arm-none-eabi/lib/armv7-m\libcr_c.a(fpprintf.o)
                0x00003c78                vsnprintf
 .text.printf   0x00003cd4       0x54 c:/nxp/lpcxpresso_7.9.0_455/lpcxpresso/tools/bin/../lib/gcc/arm-none-eabi/4.9.3/../../../../arm-none-eabi/lib/armv7-m\libcr_c.a(fpprintf.o)
                0x00003cd4                printf
 .text._initio  0x00003d28       0xa4 c:/nxp/lpcxpresso_7.9.0_455/lpcxpresso/tools/bin/../lib/gcc/arm-none-eabi/4.9.3/../../../../arm-none-eabi/lib/armv7-m\libcr_c.a(initio.o)
                0x00003d28                _initio
 *fill*         0x00003dcc        0x4 
 .text.pow      0x00003dd0      0x568 c:/nxp/lpcxpresso_7.9.0_455/lpcxpresso/tools/bin/../lib/gcc/arm-none-eabi/4.9.3/../../../../arm-none-eabi/lib/armv7-m\libcr_c.a(pow.o)
                0x00003dd0                pow
 .text.__vfprintf
                0x00004338      0xca4 c:/nxp/lpcxpresso_7.9.0_455/lpcxpresso/tools/bin/../lib/gcc/arm-none-eabi/4.9.3/../../../../arm-none-eabi/lib/armv7-m\libcr_c.a(printf.o)
                0x00004338                __vfprintf
 .text.setvbuf  0x00004fdc       0x40 c:/nxp/lpcxpresso_7.9.0_455/lpcxpresso/tools/bin/../lib/gcc/arm-none-eabi/4.9.3/../../../../arm-none-eabi/lib/armv7-m\libcr_c.a(setvbuf.o)
                0x00004fdc                setvbuf
 .text.sin      0x0000501c       0x36 c:/nxp/lpcxpresso_7.9.0_455/lpcxpresso/tools/bin/../lib/gcc/arm-none-eabi/4.9.3/../../../../arm-none-eabi/lib/armv7-m\libcr_c.a(sin.o)
                0x0000501c                sin
 *fill*         0x00005052        0x6 
 .text.sqrt     0x00005058      0x138 c:/nxp/lpcxpresso_7.9.0_455/lpcxpresso/tools/bin/../lib/gcc/arm-none-eabi/4.9.3/../../../../arm-none-eabi/lib/armv7-m\libcr_c.a(sqrt.o)
                0x00005058                sqrt
 .text.rand     0x00005190       0x3c c:/nxp/lpcxpresso_7.9.0_455/lpcxpresso/tools/bin/../lib/gcc/arm-none-eabi/4.9.3/../../../../arm-none-eabi/lib/armv7-m\libcr_c.a(stdlib.o)
                0x00005190                rand
 .text.abs      0x000051cc        0x8 c:/nxp/lpcxpresso_7.9.0_455/lpcxpresso/tools/bin/../lib/gcc/arm-none-eabi/4.9.3/../../../../arm-none-eabi/lib/armv7-m\libcr_c.a(stdlib.o)
                0x000051cc                abs
 .text.strlen   0x000051d4       0x4a c:/nxp/lpcxpresso_7.9.0_455/lpcxpresso/tools/bin/../lib/gcc/arm-none-eabi/4.9.3/../../../../arm-none-eabi/lib/armv7-m\libcr_c.a(strlen.o)
                0x000051d4                strlen
 *fill*         0x0000521e        0x2 
 .text._asinacosf
                0x00005220      0x1a4 c:/nxp/lpcxpresso_7.9.0_455/lpcxpresso/tools/bin/../lib/gcc/arm-none-eabi/4.9.3/../../../../arm-none-eabi/lib/armv7-m\libcr_c.a(_asinacosf.o)
                0x00005220                _asinacosf
 .text.fabsf    0x000053c4       0x16 c:/nxp/lpcxpresso_7.9.0_455/lpcxpresso/tools/bin/../lib/gcc/arm-none-eabi/4.9.3/../../../../arm-none-eabi/lib/armv7-m\libcr_c.a(fabsf.o)
                0x000053c4                fabsf
 *fill*         0x000053da        0x2 
 .text.sqrtf    0x000053dc       0xc0 c:/nxp/lpcxpresso_7.9.0_455/lpcxpresso/tools/bin/../lib/gcc/arm-none-eabi/4.9.3/../../../../arm-none-eabi/lib/armv7-m\libcr_c.a(sqrtf.o)
                0x000053dc                sqrtf
 .text.memset   0x0000549c        0x4 c:/nxp/lpcxpresso_7.9.0_455/lpcxpresso/tools/bin/../lib/gcc/arm-none-eabi/4.9.3/../../../../arm-none-eabi/lib/armv7-m\libcr_c.a(memset.o)
                0x0000549c                memset
 .text._deferredlazyseek
                0x000054a0       0x44 c:/nxp/lpcxpresso_7.9.0_455/lpcxpresso/tools/bin/../lib/gcc/arm-none-eabi/4.9.3/../../../../arm-none-eabi/lib/armv7-m\libcr_c.a(_deferredlazyseek.o)
                0x000054a0                _deferredlazyseek
 .text.__flsbuf
                0x000054e4      0x142 c:/nxp/lpcxpresso_7.9.0_455/lpcxpresso/tools/bin/../lib/gcc/arm-none-eabi/4.9.3/../../../../arm-none-eabi/lib/armv7-m\libcr_c.a(_deferredlazyseek.o)
                0x000054e4                __flsbuf
 .text._fdopen  0x00005626       0x6a c:/nxp/lpcxpresso_7.9.0_455/lpcxpresso/tools/bin/../lib/gcc/arm-none-eabi/4.9.3/../../../../arm-none-eabi/lib/armv7-m\libcr_c.a(_fdopen.o)
                0x00005626                _fdopen
 .text._fflush  0x00005690       0x58 c:/nxp/lpcxpresso_7.9.0_455/lpcxpresso/tools/bin/../lib/gcc/arm-none-eabi/4.9.3/../../../../arm-none-eabi/lib/armv7-m\libcr_c.a(_fflush.o)
                0x00005690                _fflush
 .text._frexpl  0x000056e8       0x5a c:/nxp/lpcxpresso_7.9.0_455/lpcxpresso/tools/bin/../lib/gcc/arm-none-eabi/4.9.3/../../../../arm-none-eabi/lib/armv7-m\libcr_c.a(_frexpl.o)
                0x000056e8                _frexpl
 *fill*         0x00005742        0x2 
 .text._ldexpl  0x00005744       0x4c c:/nxp/lpcxpresso_7.9.0_455/lpcxpresso/tools/bin/../lib/gcc/arm-none-eabi/4.9.3/../../../../arm-none-eabi/lib/armv7-m\libcr_c.a(_ldexpl.o)
                0x00005744                _ldexpl
 .text._sincos  0x00005790      0x208 c:/nxp/lpcxpresso_7.9.0_455/lpcxpresso/tools/bin/../lib/gcc/arm-none-eabi/4.9.3/../../../../arm-none-eabi/lib/armv7-m\libcr_c.a(_sincos.o)
                0x00005790                _sincos
 .text._Cwritebuf
                0x00005998       0x68 c:/nxp/lpcxpresso_7.9.0_455/lpcxpresso/tools/bin/../lib/gcc/arm-none-eabi/4.9.3/../../../../arm-none-eabi/lib/armv7-m\libcr_c.a(_writebuf.o)
                0x00005998                _Cwritebuf
 .text.malloc   0x00005a00       0xcc c:/nxp/lpcxpresso_7.9.0_455/lpcxpresso/tools/bin/../lib/gcc/arm-none-eabi/4.9.3/../../../../arm-none-eabi/lib/armv7-m\libcr_c.a(alloc.o)
                0x00005a00                malloc
 .text.free     0x00005acc       0x30 c:/nxp/lpcxpresso_7.9.0_455/lpcxpresso/tools/bin/../lib/gcc/arm-none-eabi/4.9.3/../../../../arm-none-eabi/lib/armv7-m\libcr_c.a(alloc.o)
                0x00005acc                free
 .text._Csys_alloc
                0x00005afc       0x20 c:/nxp/lpcxpresso_7.9.0_455/lpcxpresso/tools/bin/../lib/gcc/arm-none-eabi/4.9.3/../../../../arm-none-eabi/lib/armv7-m\libcr_c.a(alloc.o)
                0x00005afc                _Csys_alloc
 .text.fabs     0x00005b1c       0x1e c:/nxp/lpcxpresso_7.9.0_455/lpcxpresso/tools/bin/../lib/gcc/arm-none-eabi/4.9.3/../../../../arm-none-eabi/lib/armv7-m\libcr_c.a(fabs.o)
                0x00005b1c                fabs
 .text.fclose   0x00005b3a       0x6c c:/nxp/lpcxpresso_7.9.0_455/lpcxpresso/tools/bin/../lib/gcc/arm-none-eabi/4.9.3/../../../../arm-none-eabi/lib/armv7-m\libcr_c.a(fclose.o)
                0x00005b3a                fclose
 *fill*         0x00005ba6        0x2 
 .text.fflush   0x00005ba8       0x30 c:/nxp/lpcxpresso_7.9.0_455/lpcxpresso/tools/bin/../lib/gcc/arm-none-eabi/4.9.3/../../../../arm-none-eabi/lib/armv7-m\libcr_c.a(fflush.o)
                0x00005ba8                fflush
 .text.frexp    0x00005bd8       0x5a c:/nxp/lpcxpresso_7.9.0_455/lpcxpresso/tools/bin/../lib/gcc/arm-none-eabi/4.9.3/../../../../arm-none-eabi/lib/armv7-m\libcr_c.a(frexp.o)
                0x00005bd8                frexp
 *fill*         0x00005c32        0x2 
 .text.fseek    0x00005c34      0x110 c:/nxp/lpcxpresso_7.9.0_455/lpcxpresso/tools/bin/../lib/gcc/arm-none-eabi/4.9.3/../../../../arm-none-eabi/lib/armv7-m\libcr_c.a(fseek.o)
                0x00005c34                fseek
 .text.ftell    0x00005d44       0x4c c:/nxp/lpcxpresso_7.9.0_455/lpcxpresso/tools/bin/../lib/gcc/arm-none-eabi/4.9.3/../../../../arm-none-eabi/lib/armv7-m\libcr_c.a(ftell.o)
                0x00005d44                ftell
 .text.ldexp    0x00005d90       0x4c c:/nxp/lpcxpresso_7.9.0_455/lpcxpresso/tools/bin/../lib/gcc/arm-none-eabi/4.9.3/../../../../arm-none-eabi/lib/armv7-m\libcr_c.a(ldexp.o)
                0x00005d90                ldexp
 .text.remove   0x00005ddc       0x14 c:/nxp/lpcxpresso_7.9.0_455/lpcxpresso/tools/bin/../lib/gcc/arm-none-eabi/4.9.3/../../../../arm-none-eabi/lib/armv7-m\libcr_c.a(remove.o)
                0x00005ddc                remove
 .text._sbrk    0x00005df0       0x40 c:/nxp/lpcxpresso_7.9.0_455/lpcxpresso/tools/bin/../lib/gcc/arm-none-eabi/4.9.3/../../../../arm-none-eabi/lib/armv7-m\libcr_c.a(_cr_sbrk.o)
                0x00005df0                _sbrk
 .text._do_fflush
                0x00005e30       0x44 c:/nxp/lpcxpresso_7.9.0_455/lpcxpresso/tools/bin/../lib/gcc/arm-none-eabi/4.9.3/../../../../arm-none-eabi/lib/armv7-m\libcr_c.a(_do_fflush.o)
                0x00005e30                _do_fflush
 .text.__check_heap_overflow
                0x00005e74       0x18 c:/nxp/lpcxpresso_7.9.0_455/lpcxpresso/tools/bin/../lib/gcc/arm-none-eabi/4.9.3/../../../../arm-none-eabi/lib/armv7-m\libcr_c.a(_cr_check_heap.o)
                0x00005e74                __check_heap_overflow
 .text.__aeabi_dmul
                0x00005e8c      0x120 c:/nxp/lpcxpresso_7.9.0_455/lpcxpresso/tools/bin/../lib/gcc/arm-none-eabi/4.9.3/armv7-m\libcr_eabihelpers.a(double.o)
                0x00005e8c                __aeabi_dmul
 .text.__aeabi_ddiv
                0x00005fac      0x150 c:/nxp/lpcxpresso_7.9.0_455/lpcxpresso/tools/bin/../lib/gcc/arm-none-eabi/4.9.3/armv7-m\libcr_eabihelpers.a(double.o)
                0x00005fac                __aeabi_ddiv
 .text.__aeabi_dsub
                0x000060fc      0x1d8 c:/nxp/lpcxpresso_7.9.0_455/lpcxpresso/tools/bin/../lib/gcc/arm-none-eabi/4.9.3/armv7-m\libcr_eabihelpers.a(double.o)
                0x000060fc                __aeabi_dsub
 .text.__aeabi_dadd
                0x000062d4      0x134 c:/nxp/lpcxpresso_7.9.0_455/lpcxpresso/tools/bin/../lib/gcc/arm-none-eabi/4.9.3/armv7-m\libcr_eabihelpers.a(double.o)
                0x000062d4                __aeabi_dadd
 .text.__aeabi_d2f
                0x00006408       0x5c c:/nxp/lpcxpresso_7.9.0_455/lpcxpresso/tools/bin/../lib/gcc/arm-none-eabi/4.9.3/armv7-m\libcr_eabihelpers.a(double.o)
                0x00006408                __aeabi_d2f
 .text.__aeabi_d2iz
                0x00006464       0x40 c:/nxp/lpcxpresso_7.9.0_455/lpcxpresso/tools/bin/../lib/gcc/arm-none-eabi/4.9.3/armv7-m\libcr_eabihelpers.a(double.o)
                0x00006464                __aeabi_d2iz
 .text.__bhs_ui2d
                0x000064a4       0x48 c:/nxp/lpcxpresso_7.9.0_455/lpcxpresso/tools/bin/../lib/gcc/arm-none-eabi/4.9.3/armv7-m\libcr_eabihelpers.a(double.o)
                0x000064a4                __bhs_ui2d
 .text.__aeabi_i2d
                0x000064ec       0x14 c:/nxp/lpcxpresso_7.9.0_455/lpcxpresso/tools/bin/../lib/gcc/arm-none-eabi/4.9.3/armv7-m\libcr_eabihelpers.a(double.o)
                0x000064ec                __aeabi_i2d
 .text.__aeabi_dcmpeq
                0x00006500       0x2c c:/nxp/lpcxpresso_7.9.0_455/lpcxpresso/tools/bin/../lib/gcc/arm-none-eabi/4.9.3/armv7-m\libcr_eabihelpers.a(double.o)
                0x00006500                __aeabi_dcmpeq
 .text.__aeabi_dcmplt
                0x0000652c       0x5c c:/nxp/lpcxpresso_7.9.0_455/lpcxpresso/tools/bin/../lib/gcc/arm-none-eabi/4.9.3/armv7-m\libcr_eabihelpers.a(double.o)
                0x0000652c                __aeabi_dcmplt
 .text.__aeabi_dcmpgt
                0x00006588       0x5c c:/nxp/lpcxpresso_7.9.0_455/lpcxpresso/tools/bin/../lib/gcc/arm-none-eabi/4.9.3/armv7-m\libcr_eabihelpers.a(double.o)
                0x00006588                __aeabi_dcmpgt
 .text.__aeabi_dcmple
                0x000065e4       0x5c c:/nxp/lpcxpresso_7.9.0_455/lpcxpresso/tools/bin/../lib/gcc/arm-none-eabi/4.9.3/armv7-m\libcr_eabihelpers.a(double.o)
                0x000065e4                __aeabi_dcmple
 .text.__aeabi_dcmpge
                0x00006640       0x5c c:/nxp/lpcxpresso_7.9.0_455/lpcxpresso/tools/bin/../lib/gcc/arm-none-eabi/4.9.3/armv7-m\libcr_eabihelpers.a(double.o)
                0x00006640                __aeabi_dcmpge
 .text.__bhs_ui2f.part.0
                0x0000669c       0x20 c:/nxp/lpcxpresso_7.9.0_455/lpcxpresso/tools/bin/../lib/gcc/arm-none-eabi/4.9.3/armv7-m\libcr_eabihelpers.a(float.o)
 .text.__aeabi_fmul
                0x000066bc       0xc0 c:/nxp/lpcxpresso_7.9.0_455/lpcxpresso/tools/bin/../lib/gcc/arm-none-eabi/4.9.3/armv7-m\libcr_eabihelpers.a(float.o)
                0x000066bc                __aeabi_fmul
 .text.__aeabi_fdiv
                0x0000677c       0xc0 c:/nxp/lpcxpresso_7.9.0_455/lpcxpresso/tools/bin/../lib/gcc/arm-none-eabi/4.9.3/armv7-m\libcr_eabihelpers.a(float.o)
                0x0000677c                __aeabi_fdiv
 .text.__aeabi_fsub
                0x0000683c       0xec c:/nxp/lpcxpresso_7.9.0_455/lpcxpresso/tools/bin/../lib/gcc/arm-none-eabi/4.9.3/armv7-m\libcr_eabihelpers.a(float.o)
                0x0000683c                __aeabi_fsub
 .text.__aeabi_fadd
                0x00006928       0xb4 c:/nxp/lpcxpresso_7.9.0_455/lpcxpresso/tools/bin/../lib/gcc/arm-none-eabi/4.9.3/armv7-m\libcr_eabihelpers.a(float.o)
                0x00006928                __aeabi_fadd
 .text.__aeabi_f2iz
                0x000069dc       0x34 c:/nxp/lpcxpresso_7.9.0_455/lpcxpresso/tools/bin/../lib/gcc/arm-none-eabi/4.9.3/armv7-m\libcr_eabihelpers.a(float.o)
                0x000069dc                __aeabi_f2iz
 .text.__aeabi_i2f
                0x00006a10       0x20 c:/nxp/lpcxpresso_7.9.0_455/lpcxpresso/tools/bin/../lib/gcc/arm-none-eabi/4.9.3/armv7-m\libcr_eabihelpers.a(float.o)
                0x00006a10                __aeabi_i2f
 .text.__aeabi_f2d
                0x00006a30       0x3c c:/nxp/lpcxpresso_7.9.0_455/lpcxpresso/tools/bin/../lib/gcc/arm-none-eabi/4.9.3/armv7-m\libcr_eabihelpers.a(float.o)
                0x00006a30                __aeabi_f2d
 .text.__aeabi_fcmplt
                0x00006a6c       0x3c c:/nxp/lpcxpresso_7.9.0_455/lpcxpresso/tools/bin/../lib/gcc/arm-none-eabi/4.9.3/armv7-m\libcr_eabihelpers.a(float.o)
                0x00006a6c                __aeabi_fcmplt
 .text.__aeabi_fcmpgt
                0x00006aa8       0x3c c:/nxp/lpcxpresso_7.9.0_455/lpcxpresso/tools/bin/../lib/gcc/arm-none-eabi/4.9.3/armv7-m\libcr_eabihelpers.a(float.o)
                0x00006aa8                __aeabi_fcmpgt
 .text.__aeabi_fcmple
                0x00006ae4       0x40 c:/nxp/lpcxpresso_7.9.0_455/lpcxpresso/tools/bin/../lib/gcc/arm-none-eabi/4.9.3/armv7-m\libcr_eabihelpers.a(float.o)
                0x00006ae4                __aeabi_fcmple
 .text.__aeabi_memcpy
                0x00006b24       0x34 c:/nxp/lpcxpresso_7.9.0_455/lpcxpresso/tools/bin/../lib/gcc/arm-none-eabi/4.9.3/armv7-m\libcr_eabihelpers.a(memcpy.o)
                0x00006b24                __aeabi_memcpy
                0x00006b2e                __aeabi_memcpy8
                0x00006b2e                __aeabi_memcpy4
 .text.__aeabi_memset_lowlevel
                0x00006b58       0x32 c:/nxp/lpcxpresso_7.9.0_455/lpcxpresso/tools/bin/../lib/gcc/arm-none-eabi/4.9.3/armv7-m\libcr_eabihelpers.a(memcpy.o)
                0x00006b58                __aeabi_lowlevel_memset
 *fill*         0x00006b8a        0x2 
 .text.__sys_appexit
                0x00006b8c        0xc c:/nxp/lpcxpresso_7.9.0_455/lpcxpresso/tools/bin/../lib/gcc/arm-none-eabi/4.9.3/../../../../arm-none-eabi/lib/armv7-m\libcr_semihost.a(__sys_appexit.o)
                0x00006b8c                __sys_appexit
                0x00006b8c                __exit
 .text.__sys_close
                0x00006b98        0xc c:/nxp/lpcxpresso_7.9.0_455/lpcxpresso/tools/bin/../lib/gcc/arm-none-eabi/4.9.3/../../../../arm-none-eabi/lib/armv7-m\libcr_semihost.a(__sys_close.o)
                0x00006b98                __sys_close
 .text.__sys_flen
                0x00006ba4        0xc c:/nxp/lpcxpresso_7.9.0_455/lpcxpresso/tools/bin/../lib/gcc/arm-none-eabi/4.9.3/../../../../arm-none-eabi/lib/armv7-m\libcr_semihost.a(__sys_flen.o)
                0x00006ba4                __sys_flen
 .text.__sys_istty
                0x00006bb0        0xc c:/nxp/lpcxpresso_7.9.0_455/lpcxpresso/tools/bin/../lib/gcc/arm-none-eabi/4.9.3/../../../../arm-none-eabi/lib/armv7-m\libcr_semihost.a(__sys_istty.o)
                0x00006bb0                __sys_istty
 .text.__sys_remove
                0x00006bbc        0xc c:/nxp/lpcxpresso_7.9.0_455/lpcxpresso/tools/bin/../lib/gcc/arm-none-eabi/4.9.3/../../../../arm-none-eabi/lib/armv7-m\libcr_semihost.a(__sys_remove.o)
                0x00006bbc                __sys_remove
 .text.__sys_seek
                0x00006bc8        0xc c:/nxp/lpcxpresso_7.9.0_455/lpcxpresso/tools/bin/../lib/gcc/arm-none-eabi/4.9.3/../../../../arm-none-eabi/lib/armv7-m\libcr_semihost.a(__sys_seek.o)
                0x00006bc8                __sys_seek
 .text.__sys_tmpnam
                0x00006bd4        0xc c:/nxp/lpcxpresso_7.9.0_455/lpcxpresso/tools/bin/../lib/gcc/arm-none-eabi/4.9.3/../../../../arm-none-eabi/lib/armv7-m\libcr_semihost.a(__sys_tmpnam.o)
                0x00006bd4                __sys_tmpnam
 .text.__sys_write
                0x00006be0        0xc c:/nxp/lpcxpresso_7.9.0_455/lpcxpresso/tools/bin/../lib/gcc/arm-none-eabi/4.9.3/../../../../arm-none-eabi/lib/armv7-m\libcr_semihost.a(__sys_write.o)
                0x00006be0                __sys_write
                0x00006be0                __write
 *(.rodata .rodata.* .constdata .constdata.*)
 .rodata        0x00006bec    0x14258 ./src/cmpe240-2DvectorGraphics.o
 .rodata        0x0001ae44       0x24 ./src/extint.o
 .rodata.str1.1
                0x0001ae68       0x34 c:/nxp/lpcxpresso_7.9.0_455/lpcxpresso/tools/bin/../lib/gcc/arm-none-eabi/4.9.3/../../../../arm-none-eabi/lib/armv7-m\libcr_c.a(fpprintf.o)
                                 0x35 (size before relaxing)
 .rodata.str1.1
                0x0001ae9c        0x4 c:/nxp/lpcxpresso_7.9.0_455/lpcxpresso/tools/bin/../lib/gcc/arm-none-eabi/4.9.3/../../../../arm-none-eabi/lib/armv7-m\libcr_c.a(initio.o)
 .rodata.a2.3938
                0x0001aea0       0x40 c:/nxp/lpcxpresso_7.9.0_455/lpcxpresso/tools/bin/../lib/gcc/arm-none-eabi/4.9.3/../../../../arm-none-eabi/lib/armv7-m\libcr_c.a(pow.o)
 .rodata.a1.3937
                0x0001aee0       0x88 c:/nxp/lpcxpresso_7.9.0_455/lpcxpresso/tools/bin/../lib/gcc/arm-none-eabi/4.9.3/../../../../arm-none-eabi/lib/armv7-m\libcr_c.a(pow.o)
 .rodata.str1.1
                0x0001af68       0x31 c:/nxp/lpcxpresso_7.9.0_455/lpcxpresso/tools/bin/../lib/gcc/arm-none-eabi/4.9.3/../../../../arm-none-eabi/lib/armv7-m\libcr_c.a(printf.o)
                                 0x38 (size before relaxing)
 *fill*         0x0001af99        0x3 
 .rodata.b.3931
                0x0001af9c        0x8 c:/nxp/lpcxpresso_7.9.0_455/lpcxpresso/tools/bin/../lib/gcc/arm-none-eabi/4.9.3/../../../../arm-none-eabi/lib/armv7-m\libcr_c.a(_asinacosf.o)
 .rodata.a.3930
                0x0001afa4        0x8 c:/nxp/lpcxpresso_7.9.0_455/lpcxpresso/tools/bin/../lib/gcc/arm-none-eabi/4.9.3/../../../../arm-none-eabi/lib/armv7-m\libcr_c.a(_asinacosf.o)
 *fill*         0x0001afac        0x4 
 .rodata.__huge_val
                0x0001afb0        0x8 c:/nxp/lpcxpresso_7.9.0_455/lpcxpresso/tools/bin/../lib/gcc/arm-none-eabi/4.9.3/../../../../arm-none-eabi/lib/armv7-m\libcr_c.a(_hugeval.o)
                0x0001afb0                __huge_val
 .rodata.__huge_vall
                0x0001afb8        0x8 c:/nxp/lpcxpresso_7.9.0_455/lpcxpresso/tools/bin/../lib/gcc/arm-none-eabi/4.9.3/../../../../arm-none-eabi/lib/armv7-m\libcr_c.a(_hugeval.o)
                0x0001afb8                __huge_vall
 .rodata.str1.1
                0x0001afc0       0x18 c:/nxp/lpcxpresso_7.9.0_455/lpcxpresso/tools/bin/../lib/gcc/arm-none-eabi/4.9.3/../../../../arm-none-eabi/lib/armv7-m\libcr_c.a(alloc.o)
                0x0001afd8                . = ALIGN (0x4)

.glue_7         0x0001afd8        0x0
 .glue_7        0x00000000        0x0 linker stubs

.glue_7t        0x0001afd8        0x0
 .glue_7t       0x00000000        0x0 linker stubs

.vfp11_veneer   0x0001afd8        0x0
 .vfp11_veneer  0x00000000        0x0 linker stubs

.v4_bx          0x0001afd8        0x0
 .v4_bx         0x00000000        0x0 linker stubs

.iplt           0x0001afd8        0x0
 .iplt          0x00000000        0x0 ./src/Adafruit-GFX-Library-master/glcdfont.o

.rel.dyn        0x0001afd8        0x0
 .rel.iplt      0x00000000        0x0 ./src/Adafruit-GFX-Library-master/glcdfont.o

.ARM.extab
 *(.ARM.extab* .gnu.linkonce.armextab.*)
                0x0001afd8                __exidx_start = .

.ARM.exidx
 *(.ARM.exidx* .gnu.linkonce.armexidx.*)
                0x0001afd8                __exidx_end = .
                0x0001afd8                _etext = .

.data_RAM2      0x2007c000        0x0 load address 0x0001afd8
 FILL mask 0xff
                0x2007c000                PROVIDE (__start_data_RAM2, .)
 *(.ramfunc.$RAM2)
 *(.ramfunc.$RamAHB32)
 *(.data.$RAM2*)
 *(.data.$RamAHB32*)
                0x2007c000                . = ALIGN (0x4)
                0x2007c000                PROVIDE (__end_data_RAM2, .)

.uninit_RESERVED
                0x10000000        0x0
 *(.bss.$RESERVED*)
                0x10000000                . = ALIGN (0x4)
                0x10000000                _end_uninit_RESERVED = .

.data           0x10000000       0xec load address 0x0001afd8
 FILL mask 0xff
                0x10000000                _data = .
 *(vtable)
 *(.ramfunc*)
 *(.data*)
 .data._height  0x10000000        0x4 ./src/cmpe240-2DvectorGraphics.o
                0x10000000                _height
 .data._width   0x10000004        0x4 ./src/cmpe240-2DvectorGraphics.o
                0x10000004                _width
 .data._random_number_seed
                0x10000008       0xdc c:/nxp/lpcxpresso_7.9.0_455/lpcxpresso/tools/bin/../lib/gcc/arm-none-eabi/4.9.3/../../../../arm-none-eabi/lib/armv7-m\libcr_c.a(stdlib.o)
 .data._random_j
                0x100000e4        0x4 c:/nxp/lpcxpresso_7.9.0_455/lpcxpresso/tools/bin/../lib/gcc/arm-none-eabi/4.9.3/../../../../arm-none-eabi/lib/armv7-m\libcr_c.a(stdlib.o)
 .data._random_k
                0x100000e8        0x4 c:/nxp/lpcxpresso_7.9.0_455/lpcxpresso/tools/bin/../lib/gcc/arm-none-eabi/4.9.3/../../../../arm-none-eabi/lib/armv7-m\libcr_c.a(stdlib.o)
                0x100000ec                . = ALIGN (0x4)
                0x100000ec                _edata = .

.igot.plt       0x100000ec        0x0 load address 0x0001b0c4
 .igot.plt      0x00000000        0x0 ./src/Adafruit-GFX-Library-master/glcdfont.o

.bss_RAM2       0x2007c000        0x0
                0x2007c000                PROVIDE (__start_bss_RAM2, .)
 *(.bss.$RAM2*)
 *(.bss.$RamAHB32*)
                0x2007c000                . = ALIGN ((. != 0x0)?0x4:0x1)
                0x2007c000                PROVIDE (__end_bss_RAM2, .)

.bss            0x100000ec      0x188
                0x100000ec                _bss = .
 *(.bss*)
 .bss.interrupt0RxStat
                0x100000ec        0x4 ./src/ssp.o
                0x100000ec                interrupt0RxStat
 .bss.interrupt0OverRunStat
                0x100000f0        0x4 ./src/ssp.o
                0x100000f0                interrupt0OverRunStat
 .bss.interrupt0RxTimeoutStat
                0x100000f4        0x4 ./src/ssp.o
                0x100000f4                interrupt0RxTimeoutStat
 .bss.interrupt1RxStat
                0x100000f8        0x4 ./src/ssp.o
                0x100000f8                interrupt1RxStat
 .bss.interrupt1OverRunStat
                0x100000fc        0x4 ./src/ssp.o
                0x100000fc                interrupt1OverRunStat
 .bss.interrupt1RxTimeoutStat
                0x10000100        0x4 ./src/ssp.o
                0x10000100                interrupt1RxTimeoutStat
 .bss.errno     0x10000104        0x4 c:/nxp/lpcxpresso_7.9.0_455/lpcxpresso/tools/bin/../lib/gcc/arm-none-eabi/4.9.3/../../../../arm-none-eabi/lib/armv7-m\libcr_c.a(errno.o)
                0x10000104                errno
 *(COMMON)
 COMMON         0x10000108       0x20 ./src/cmpe240-2DvectorGraphics.o
                0x10000108                dest_addr
                0x10000118                src_addr
 COMMON         0x10000128        0x4 c:/nxp/lpcxpresso_7.9.0_455/lpcxpresso/tools/bin/../lib/gcc/arm-none-eabi/4.9.3/../../../../arm-none-eabi/lib/armv7-m\libcr_c.a(initio.o)
                0x10000128                _extra
 COMMON         0x1000012c      0x140 c:/nxp/lpcxpresso_7.9.0_455/lpcxpresso/tools/bin/../lib/gcc/arm-none-eabi/4.9.3/../../../../arm-none-eabi/lib/armv7-m\libcr_c.a(stdio.o)
                0x1000012c                __Ciob
 COMMON         0x1000026c        0x8 c:/nxp/lpcxpresso_7.9.0_455/lpcxpresso/tools/bin/../lib/gcc/arm-none-eabi/4.9.3/../../../../arm-none-eabi/lib/armv7-m\libcr_c.a(__init_alloc.o)
                0x1000026c                __heaps
                0x10000270                __end_of_heap
                0x10000274                . = ALIGN (0x4)
                0x10000274                _ebss = .
                0x10000274                PROVIDE (end, .)

.noinit_RAM2    0x2007c000        0x0
 *(.noinit.$RAM2*)
 *(.noinit.$RamAHB32*)
                0x2007c000                . = ALIGN (0x4)

.noinit         0x10000274        0x0
                0x10000274                _noinit = .
 *(.noinit*)
                0x10000274                . = ALIGN (0x4)
                0x10000274                _end_noinit = .
                0x10000274                PROVIDE (_pvHeapStart, DEFINED (__user_heap_base)?__user_heap_base:.)
                0x10008000                PROVIDE (_vStackTop, DEFINED (__user_stack_top)?__user_stack_top:(__top_RamLoc32 - 0x0))
                0xefff74b2                PROVIDE (__valid_user_code_checksum, (0x0 - ((((((_vStackTop + (ResetISR + 0x1)) + (NMI_Handler + 0x1)) + (HardFault_Handler + 0x1)) + (DEFINED (MemManage_Handler)?MemManage_Handler:0x0 + 0x1)) + (DEFINED (BusFault_Handler)?BusFault_Handler:0x0 + 0x1)) + (DEFINED (UsageFault_Handler)?UsageFault_Handler:0x0 + 0x1))))
OUTPUT(cmpe240-2DvectorGraphics.axf elf32-littlearm)

.debug_info     0x00000000     0x3453
 .debug_info    0x00000000     0x1a55 ./src/cmpe240-2DvectorGraphics.o
 .debug_info    0x00001a55      0x24b ./src/cr_startup_lpc175x_6x.o
 .debug_info    0x00001ca0      0x851 ./src/extint.o
 .debug_info    0x000024f1      0xc4a ./src/ssp.o
 .debug_info    0x0000313b      0x318 C:\Users\sasha\Documents\LPCXpresso_7.9.0_455\workspace\CMSIS_CORE_LPC17xx\Debug\libCMSIS_CORE_LPC17xx.a(system_LPC17xx.o)

.debug_abbrev   0x00000000      0x82c
 .debug_abbrev  0x00000000      0x243 ./src/cmpe240-2DvectorGraphics.o
 .debug_abbrev  0x00000243       0xf5 ./src/cr_startup_lpc175x_6x.o
 .debug_abbrev  0x00000338      0x1a9 ./src/extint.o
 .debug_abbrev  0x000004e1      0x265 ./src/ssp.o
 .debug_abbrev  0x00000746       0xe6 C:\Users\sasha\Documents\LPCXpresso_7.9.0_455\workspace\CMSIS_CORE_LPC17xx\Debug\libCMSIS_CORE_LPC17xx.a(system_LPC17xx.o)

.debug_aranges  0x00000000      0x258
 .debug_aranges
                0x00000000      0x110 ./src/cmpe240-2DvectorGraphics.o
 .debug_aranges
                0x00000110       0x80 ./src/cr_startup_lpc175x_6x.o
 .debug_aranges
                0x00000190       0x40 ./src/extint.o
 .debug_aranges
                0x000001d0       0x60 ./src/ssp.o
 .debug_aranges
                0x00000230       0x28 C:\Users\sasha\Documents\LPCXpresso_7.9.0_455\workspace\CMSIS_CORE_LPC17xx\Debug\libCMSIS_CORE_LPC17xx.a(system_LPC17xx.o)

.debug_ranges   0x00000000      0x208
 .debug_ranges  0x00000000      0x100 ./src/cmpe240-2DvectorGraphics.o
 .debug_ranges  0x00000100       0x70 ./src/cr_startup_lpc175x_6x.o
 .debug_ranges  0x00000170       0x30 ./src/extint.o
 .debug_ranges  0x000001a0       0x50 ./src/ssp.o
 .debug_ranges  0x000001f0       0x18 C:\Users\sasha\Documents\LPCXpresso_7.9.0_455\workspace\CMSIS_CORE_LPC17xx\Debug\libCMSIS_CORE_LPC17xx.a(system_LPC17xx.o)

.debug_macro    0x00000000     0x25cf
 .debug_macro   0x00000000      0x154 ./src/cmpe240-2DvectorGraphics.o
 .debug_macro   0x00000154       0x82 ./src/cmpe240-2DvectorGraphics.o
 .debug_macro   0x000001d6       0x34 ./src/cmpe240-2DvectorGraphics.o
 .debug_macro   0x0000020a       0x1c ./src/cmpe240-2DvectorGraphics.o
 .debug_macro   0x00000226       0x3a ./src/cmpe240-2DvectorGraphics.o
 .debug_macro   0x00000260       0x10 ./src/cmpe240-2DvectorGraphics.o
 .debug_macro   0x00000270      0x12d ./src/cmpe240-2DvectorGraphics.o
 .debug_macro   0x0000039d      0x5b2 ./src/cmpe240-2DvectorGraphics.o
 .debug_macro   0x0000094f       0x2d ./src/cmpe240-2DvectorGraphics.o
 .debug_macro   0x0000097c      0xbb1 ./src/cmpe240-2DvectorGraphics.o
 .debug_macro   0x0000152d      0x2c7 ./src/cmpe240-2DvectorGraphics.o
 .debug_macro   0x000017f4      0x118 ./src/cmpe240-2DvectorGraphics.o
 .debug_macro   0x0000190c       0x28 ./src/cmpe240-2DvectorGraphics.o
 .debug_macro   0x00001934       0x9a ./src/cmpe240-2DvectorGraphics.o
 .debug_macro   0x000019ce       0xc4 ./src/cmpe240-2DvectorGraphics.o
 .debug_macro   0x00001a92       0x1d ./src/cr_startup_lpc175x_6x.o
 .debug_macro   0x00001aaf       0x8a ./src/extint.o
 .debug_macro   0x00001b39       0x1c ./src/extint.o
 .debug_macro   0x00001b55       0x52 ./src/extint.o
 .debug_macro   0x00001ba7       0x81 ./src/ssp.o
 .debug_macro   0x00001c28      0x12d C:\Users\sasha\Documents\LPCXpresso_7.9.0_455\workspace\CMSIS_CORE_LPC17xx\Debug\libCMSIS_CORE_LPC17xx.a(system_LPC17xx.o)
 .debug_macro   0x00001d55      0x87a C:\Users\sasha\Documents\LPCXpresso_7.9.0_455\workspace\CMSIS_CORE_LPC17xx\Debug\libCMSIS_CORE_LPC17xx.a(system_LPC17xx.o)

.debug_line     0x00000000     0x12db
 .debug_line    0x00000000      0xab8 ./src/cmpe240-2DvectorGraphics.o
 .debug_line    0x00000ab8       0xd5 ./src/cr_startup_lpc175x_6x.o
 .debug_line    0x00000b8d      0x21e ./src/extint.o
 .debug_line    0x00000dab      0x312 ./src/ssp.o
 .debug_line    0x000010bd      0x21e C:\Users\sasha\Documents\LPCXpresso_7.9.0_455\workspace\CMSIS_CORE_LPC17xx\Debug\libCMSIS_CORE_LPC17xx.a(system_LPC17xx.o)

.debug_str      0x00000000     0xb9a7
 .debug_str     0x00000000     0xac05 ./src/cmpe240-2DvectorGraphics.o
                               0xace0 (size before relaxing)
 .debug_str     0x0000ac05      0x1c2 ./src/cr_startup_lpc175x_6x.o
                               0x2671 (size before relaxing)
 .debug_str     0x0000adc7      0x6a3 ./src/extint.o
                               0x9c18 (size before relaxing)
 .debug_str     0x0000b46a      0x12c ./src/ssp.o
                               0x9f6b (size before relaxing)
 .debug_str     0x0000b596      0x411 C:\Users\sasha\Documents\LPCXpresso_7.9.0_455\workspace\CMSIS_CORE_LPC17xx\Debug\libCMSIS_CORE_LPC17xx.a(system_LPC17xx.o)
                               0x996a (size before relaxing)

.comment        0x00000000       0xe0
 .comment       0x00000000       0x70 ./src/cmpe240-2DvectorGraphics.o
                                 0x71 (size before relaxing)
 .comment       0x00000000       0x71 ./src/cr_startup_lpc175x_6x.o
 .comment       0x00000000       0x71 ./src/extint.o
 .comment       0x00000000       0x71 ./src/ssp.o
 .comment       0x00000000       0x71 C:\Users\sasha\Documents\LPCXpresso_7.9.0_455\workspace\CMSIS_CORE_LPC17xx\Debug\libCMSIS_CORE_LPC17xx.a(system_LPC17xx.o)
 .comment       0x00000070       0x70 c:/nxp/lpcxpresso_7.9.0_455/lpcxpresso/tools/bin/../lib/gcc/arm-none-eabi/4.9.3/../../../../arm-none-eabi/lib/armv7-m\libcr_semihost.a(_cr__main.o)
                                 0x71 (size before relaxing)
 .comment       0x00000000       0x71 c:/nxp/lpcxpresso_7.9.0_455/lpcxpresso/tools/bin/../lib/gcc/arm-none-eabi/4.9.3/../../../../arm-none-eabi/lib/armv7-m\libcr_c.a(acosf.o)
 .comment       0x00000000       0x71 c:/nxp/lpcxpresso_7.9.0_455/lpcxpresso/tools/bin/../lib/gcc/arm-none-eabi/4.9.3/../../../../arm-none-eabi/lib/armv7-m\libcr_c.a(memcpy.o)
 .comment       0x00000000       0x71 c:/nxp/lpcxpresso_7.9.0_455/lpcxpresso/tools/bin/../lib/gcc/arm-none-eabi/4.9.3/../../../../arm-none-eabi/lib/armv7-m\libcr_c.a(cos.o)
 .comment       0x00000000       0x71 c:/nxp/lpcxpresso_7.9.0_455/lpcxpresso/tools/bin/../lib/gcc/arm-none-eabi/4.9.3/../../../../arm-none-eabi/lib/armv7-m\libcr_c.a(fpprintf.o)
 .comment       0x00000000       0x71 c:/nxp/lpcxpresso_7.9.0_455/lpcxpresso/tools/bin/../lib/gcc/arm-none-eabi/4.9.3/../../../../arm-none-eabi/lib/armv7-m\libcr_c.a(initio.o)
 .comment       0x00000000       0x71 c:/nxp/lpcxpresso_7.9.0_455/lpcxpresso/tools/bin/../lib/gcc/arm-none-eabi/4.9.3/../../../../arm-none-eabi/lib/armv7-m\libcr_c.a(pow.o)
 .comment       0x00000000       0x71 c:/nxp/lpcxpresso_7.9.0_455/lpcxpresso/tools/bin/../lib/gcc/arm-none-eabi/4.9.3/../../../../arm-none-eabi/lib/armv7-m\libcr_c.a(printf.o)
 .comment       0x00000000       0x71 c:/nxp/lpcxpresso_7.9.0_455/lpcxpresso/tools/bin/../lib/gcc/arm-none-eabi/4.9.3/../../../../arm-none-eabi/lib/armv7-m\libcr_c.a(setvbuf.o)
 .comment       0x00000000       0x71 c:/nxp/lpcxpresso_7.9.0_455/lpcxpresso/tools/bin/../lib/gcc/arm-none-eabi/4.9.3/../../../../arm-none-eabi/lib/armv7-m\libcr_c.a(sin.o)
 .comment       0x00000000       0x71 c:/nxp/lpcxpresso_7.9.0_455/lpcxpresso/tools/bin/../lib/gcc/arm-none-eabi/4.9.3/../../../../arm-none-eabi/lib/armv7-m\libcr_c.a(sqrt.o)
 .comment       0x00000000       0x71 c:/nxp/lpcxpresso_7.9.0_455/lpcxpresso/tools/bin/../lib/gcc/arm-none-eabi/4.9.3/../../../../arm-none-eabi/lib/armv7-m\libcr_c.a(stdio.o)
 .comment       0x00000000       0x71 c:/nxp/lpcxpresso_7.9.0_455/lpcxpresso/tools/bin/../lib/gcc/arm-none-eabi/4.9.3/../../../../arm-none-eabi/lib/armv7-m\libcr_c.a(stdlib.o)
 .comment       0x00000000       0x71 c:/nxp/lpcxpresso_7.9.0_455/lpcxpresso/tools/bin/../lib/gcc/arm-none-eabi/4.9.3/../../../../arm-none-eabi/lib/armv7-m\libcr_c.a(strlen.o)
 .comment       0x00000000       0x71 c:/nxp/lpcxpresso_7.9.0_455/lpcxpresso/tools/bin/../lib/gcc/arm-none-eabi/4.9.3/../../../../arm-none-eabi/lib/armv7-m\libcr_c.a(_asinacosf.o)
 .comment       0x00000000       0x71 c:/nxp/lpcxpresso_7.9.0_455/lpcxpresso/tools/bin/../lib/gcc/arm-none-eabi/4.9.3/../../../../arm-none-eabi/lib/armv7-m\libcr_c.a(fabsf.o)
 .comment       0x00000000       0x71 c:/nxp/lpcxpresso_7.9.0_455/lpcxpresso/tools/bin/../lib/gcc/arm-none-eabi/4.9.3/../../../../arm-none-eabi/lib/armv7-m\libcr_c.a(sqrtf.o)
 .comment       0x00000000       0x71 c:/nxp/lpcxpresso_7.9.0_455/lpcxpresso/tools/bin/../lib/gcc/arm-none-eabi/4.9.3/../../../../arm-none-eabi/lib/armv7-m\libcr_c.a(memset.o)
 .comment       0x00000000       0x71 c:/nxp/lpcxpresso_7.9.0_455/lpcxpresso/tools/bin/../lib/gcc/arm-none-eabi/4.9.3/../../../../arm-none-eabi/lib/armv7-m\libcr_c.a(_deferredlazyseek.o)
 .comment       0x00000000       0x71 c:/nxp/lpcxpresso_7.9.0_455/lpcxpresso/tools/bin/../lib/gcc/arm-none-eabi/4.9.3/../../../../arm-none-eabi/lib/armv7-m\libcr_c.a(_fdopen.o)
 .comment       0x00000000       0x71 c:/nxp/lpcxpresso_7.9.0_455/lpcxpresso/tools/bin/../lib/gcc/arm-none-eabi/4.9.3/../../../../arm-none-eabi/lib/armv7-m\libcr_c.a(_fflush.o)
 .comment       0x00000000       0x71 c:/nxp/lpcxpresso_7.9.0_455/lpcxpresso/tools/bin/../lib/gcc/arm-none-eabi/4.9.3/../../../../arm-none-eabi/lib/armv7-m\libcr_c.a(_frexpl.o)
 .comment       0x00000000       0x71 c:/nxp/lpcxpresso_7.9.0_455/lpcxpresso/tools/bin/../lib/gcc/arm-none-eabi/4.9.3/../../../../arm-none-eabi/lib/armv7-m\libcr_c.a(_hugeval.o)
 .comment       0x00000000       0x71 c:/nxp/lpcxpresso_7.9.0_455/lpcxpresso/tools/bin/../lib/gcc/arm-none-eabi/4.9.3/../../../../arm-none-eabi/lib/armv7-m\libcr_c.a(_ldexpl.o)
 .comment       0x00000000       0x71 c:/nxp/lpcxpresso_7.9.0_455/lpcxpresso/tools/bin/../lib/gcc/arm-none-eabi/4.9.3/../../../../arm-none-eabi/lib/armv7-m\libcr_c.a(_sincos.o)
 .comment       0x00000000       0x71 c:/nxp/lpcxpresso_7.9.0_455/lpcxpresso/tools/bin/../lib/gcc/arm-none-eabi/4.9.3/../../../../arm-none-eabi/lib/armv7-m\libcr_c.a(_writebuf.o)
 .comment       0x00000000       0x71 c:/nxp/lpcxpresso_7.9.0_455/lpcxpresso/tools/bin/../lib/gcc/arm-none-eabi/4.9.3/../../../../arm-none-eabi/lib/armv7-m\libcr_c.a(alloc.o)
 .comment       0x00000000       0x71 c:/nxp/lpcxpresso_7.9.0_455/lpcxpresso/tools/bin/../lib/gcc/arm-none-eabi/4.9.3/../../../../arm-none-eabi/lib/armv7-m\libcr_c.a(errno.o)
 .comment       0x00000000       0x71 c:/nxp/lpcxpresso_7.9.0_455/lpcxpresso/tools/bin/../lib/gcc/arm-none-eabi/4.9.3/../../../../arm-none-eabi/lib/armv7-m\libcr_c.a(fabs.o)
 .comment       0x00000000       0x71 c:/nxp/lpcxpresso_7.9.0_455/lpcxpresso/tools/bin/../lib/gcc/arm-none-eabi/4.9.3/../../../../arm-none-eabi/lib/armv7-m\libcr_c.a(fclose.o)
 .comment       0x00000000       0x71 c:/nxp/lpcxpresso_7.9.0_455/lpcxpresso/tools/bin/../lib/gcc/arm-none-eabi/4.9.3/../../../../arm-none-eabi/lib/armv7-m\libcr_c.a(fflush.o)
 .comment       0x00000000       0x71 c:/nxp/lpcxpresso_7.9.0_455/lpcxpresso/tools/bin/../lib/gcc/arm-none-eabi/4.9.3/../../../../arm-none-eabi/lib/armv7-m\libcr_c.a(frexp.o)
 .comment       0x00000000       0x71 c:/nxp/lpcxpresso_7.9.0_455/lpcxpresso/tools/bin/../lib/gcc/arm-none-eabi/4.9.3/../../../../arm-none-eabi/lib/armv7-m\libcr_c.a(fseek.o)
 .comment       0x00000000       0x71 c:/nxp/lpcxpresso_7.9.0_455/lpcxpresso/tools/bin/../lib/gcc/arm-none-eabi/4.9.3/../../../../arm-none-eabi/lib/armv7-m\libcr_c.a(ftell.o)
 .comment       0x00000000       0x71 c:/nxp/lpcxpresso_7.9.0_455/lpcxpresso/tools/bin/../lib/gcc/arm-none-eabi/4.9.3/../../../../arm-none-eabi/lib/armv7-m\libcr_c.a(ldexp.o)
 .comment       0x00000000       0x71 c:/nxp/lpcxpresso_7.9.0_455/lpcxpresso/tools/bin/../lib/gcc/arm-none-eabi/4.9.3/../../../../arm-none-eabi/lib/armv7-m\libcr_c.a(remove.o)
 .comment       0x00000000       0x71 c:/nxp/lpcxpresso_7.9.0_455/lpcxpresso/tools/bin/../lib/gcc/arm-none-eabi/4.9.3/../../../../arm-none-eabi/lib/armv7-m\libcr_c.a(__init_alloc.o)
 .comment       0x00000000       0x71 c:/nxp/lpcxpresso_7.9.0_455/lpcxpresso/tools/bin/../lib/gcc/arm-none-eabi/4.9.3/../../../../arm-none-eabi/lib/armv7-m\libcr_c.a(_cr_sbrk.o)
 .comment       0x00000000       0x71 c:/nxp/lpcxpresso_7.9.0_455/lpcxpresso/tools/bin/../lib/gcc/arm-none-eabi/4.9.3/../../../../arm-none-eabi/lib/armv7-m\libcr_c.a(_do_fflush.o)
 .comment       0x00000000       0x71 c:/nxp/lpcxpresso_7.9.0_455/lpcxpresso/tools/bin/../lib/gcc/arm-none-eabi/4.9.3/../../../../arm-none-eabi/lib/armv7-m\libcr_c.a(_cr_check_heap.o)
 .comment       0x00000000       0x71 c:/nxp/lpcxpresso_7.9.0_455/lpcxpresso/tools/bin/../lib/gcc/arm-none-eabi/4.9.3/armv7-m\libcr_eabihelpers.a(double.o)
 .comment       0x00000000       0x71 c:/nxp/lpcxpresso_7.9.0_455/lpcxpresso/tools/bin/../lib/gcc/arm-none-eabi/4.9.3/armv7-m\libcr_eabihelpers.a(float.o)

.ARM.attributes
                0x00000000       0x31
 .ARM.attributes
                0x00000000       0x33 ./src/cmpe240-2DvectorGraphics.o
 .ARM.attributes
                0x00000033       0x33 ./src/cr_startup_lpc175x_6x.o
 .ARM.attributes
                0x00000066       0x33 ./src/extint.o
 .ARM.attributes
                0x00000099       0x33 ./src/ssp.o
 .ARM.attributes
                0x000000cc       0x33 C:\Users\sasha\Documents\LPCXpresso_7.9.0_455\workspace\CMSIS_CORE_LPC17xx\Debug\libCMSIS_CORE_LPC17xx.a(system_LPC17xx.o)
 .ARM.attributes
                0x000000ff       0x33 c:/nxp/lpcxpresso_7.9.0_455/lpcxpresso/tools/bin/../lib/gcc/arm-none-eabi/4.9.3/../../../../arm-none-eabi/lib/armv7-m\libcr_semihost.a(_cr__main.o)
 .ARM.attributes
                0x00000132       0x33 c:/nxp/lpcxpresso_7.9.0_455/lpcxpresso/tools/bin/../lib/gcc/arm-none-eabi/4.9.3/../../../../arm-none-eabi/lib/armv7-m\libcr_c.a(acosf.o)
 .ARM.attributes
                0x00000165       0x33 c:/nxp/lpcxpresso_7.9.0_455/lpcxpresso/tools/bin/../lib/gcc/arm-none-eabi/4.9.3/../../../../arm-none-eabi/lib/armv7-m\libcr_c.a(memcpy.o)
 .ARM.attributes
                0x00000198       0x33 c:/nxp/lpcxpresso_7.9.0_455/lpcxpresso/tools/bin/../lib/gcc/arm-none-eabi/4.9.3/../../../../arm-none-eabi/lib/armv7-m\libcr_c.a(cos.o)
 .ARM.attributes
                0x000001cb       0x33 c:/nxp/lpcxpresso_7.9.0_455/lpcxpresso/tools/bin/../lib/gcc/arm-none-eabi/4.9.3/../../../../arm-none-eabi/lib/armv7-m\libcr_c.a(fpprintf.o)
 .ARM.attributes
                0x000001fe       0x33 c:/nxp/lpcxpresso_7.9.0_455/lpcxpresso/tools/bin/../lib/gcc/arm-none-eabi/4.9.3/../../../../arm-none-eabi/lib/armv7-m\libcr_c.a(initio.o)
 .ARM.attributes
                0x00000231       0x33 c:/nxp/lpcxpresso_7.9.0_455/lpcxpresso/tools/bin/../lib/gcc/arm-none-eabi/4.9.3/../../../../arm-none-eabi/lib/armv7-m\libcr_c.a(pow.o)
 .ARM.attributes
                0x00000264       0x33 c:/nxp/lpcxpresso_7.9.0_455/lpcxpresso/tools/bin/../lib/gcc/arm-none-eabi/4.9.3/../../../../arm-none-eabi/lib/armv7-m\libcr_c.a(printf.o)
 .ARM.attributes
                0x00000297       0x33 c:/nxp/lpcxpresso_7.9.0_455/lpcxpresso/tools/bin/../lib/gcc/arm-none-eabi/4.9.3/../../../../arm-none-eabi/lib/armv7-m\libcr_c.a(setvbuf.o)
 .ARM.attributes
                0x000002ca       0x33 c:/nxp/lpcxpresso_7.9.0_455/lpcxpresso/tools/bin/../lib/gcc/arm-none-eabi/4.9.3/../../../../arm-none-eabi/lib/armv7-m\libcr_c.a(sin.o)
 .ARM.attributes
                0x000002fd       0x33 c:/nxp/lpcxpresso_7.9.0_455/lpcxpresso/tools/bin/../lib/gcc/arm-none-eabi/4.9.3/../../../../arm-none-eabi/lib/armv7-m\libcr_c.a(sqrt.o)
 .ARM.attributes
                0x00000330       0x33 c:/nxp/lpcxpresso_7.9.0_455/lpcxpresso/tools/bin/../lib/gcc/arm-none-eabi/4.9.3/../../../../arm-none-eabi/lib/armv7-m\libcr_c.a(stdio.o)
 .ARM.attributes
                0x00000363       0x33 c:/nxp/lpcxpresso_7.9.0_455/lpcxpresso/tools/bin/../lib/gcc/arm-none-eabi/4.9.3/../../../../arm-none-eabi/lib/armv7-m\libcr_c.a(stdlib.o)
 .ARM.attributes
                0x00000396       0x33 c:/nxp/lpcxpresso_7.9.0_455/lpcxpresso/tools/bin/../lib/gcc/arm-none-eabi/4.9.3/../../../../arm-none-eabi/lib/armv7-m\libcr_c.a(strlen.o)
 .ARM.attributes
                0x000003c9       0x33 c:/nxp/lpcxpresso_7.9.0_455/lpcxpresso/tools/bin/../lib/gcc/arm-none-eabi/4.9.3/../../../../arm-none-eabi/lib/armv7-m\libcr_c.a(_asinacosf.o)
 .ARM.attributes
                0x000003fc       0x33 c:/nxp/lpcxpresso_7.9.0_455/lpcxpresso/tools/bin/../lib/gcc/arm-none-eabi/4.9.3/../../../../arm-none-eabi/lib/armv7-m\libcr_c.a(fabsf.o)
 .ARM.attributes
                0x0000042f       0x33 c:/nxp/lpcxpresso_7.9.0_455/lpcxpresso/tools/bin/../lib/gcc/arm-none-eabi/4.9.3/../../../../arm-none-eabi/lib/armv7-m\libcr_c.a(sqrtf.o)
 .ARM.attributes
                0x00000462       0x33 c:/nxp/lpcxpresso_7.9.0_455/lpcxpresso/tools/bin/../lib/gcc/arm-none-eabi/4.9.3/../../../../arm-none-eabi/lib/armv7-m\libcr_c.a(memset.o)
 .ARM.attributes
                0x00000495       0x33 c:/nxp/lpcxpresso_7.9.0_455/lpcxpresso/tools/bin/../lib/gcc/arm-none-eabi/4.9.3/../../../../arm-none-eabi/lib/armv7-m\libcr_c.a(_deferredlazyseek.o)
 .ARM.attributes
                0x000004c8       0x33 c:/nxp/lpcxpresso_7.9.0_455/lpcxpresso/tools/bin/../lib/gcc/arm-none-eabi/4.9.3/../../../../arm-none-eabi/lib/armv7-m\libcr_c.a(_fdopen.o)
 .ARM.attributes
                0x000004fb       0x33 c:/nxp/lpcxpresso_7.9.0_455/lpcxpresso/tools/bin/../lib/gcc/arm-none-eabi/4.9.3/../../../../arm-none-eabi/lib/armv7-m\libcr_c.a(_fflush.o)
 .ARM.attributes
                0x0000052e       0x33 c:/nxp/lpcxpresso_7.9.0_455/lpcxpresso/tools/bin/../lib/gcc/arm-none-eabi/4.9.3/../../../../arm-none-eabi/lib/armv7-m\libcr_c.a(_frexpl.o)
 .ARM.attributes
                0x00000561       0x33 c:/nxp/lpcxpresso_7.9.0_455/lpcxpresso/tools/bin/../lib/gcc/arm-none-eabi/4.9.3/../../../../arm-none-eabi/lib/armv7-m\libcr_c.a(_hugeval.o)
 .ARM.attributes
                0x00000594       0x33 c:/nxp/lpcxpresso_7.9.0_455/lpcxpresso/tools/bin/../lib/gcc/arm-none-eabi/4.9.3/../../../../arm-none-eabi/lib/armv7-m\libcr_c.a(_ldexpl.o)
 .ARM.attributes
                0x000005c7       0x33 c:/nxp/lpcxpresso_7.9.0_455/lpcxpresso/tools/bin/../lib/gcc/arm-none-eabi/4.9.3/../../../../arm-none-eabi/lib/armv7-m\libcr_c.a(_sincos.o)
 .ARM.attributes
                0x000005fa       0x33 c:/nxp/lpcxpresso_7.9.0_455/lpcxpresso/tools/bin/../lib/gcc/arm-none-eabi/4.9.3/../../../../arm-none-eabi/lib/armv7-m\libcr_c.a(_writebuf.o)
 .ARM.attributes
                0x0000062d       0x33 c:/nxp/lpcxpresso_7.9.0_455/lpcxpresso/tools/bin/../lib/gcc/arm-none-eabi/4.9.3/../../../../arm-none-eabi/lib/armv7-m\libcr_c.a(alloc.o)
 .ARM.attributes
                0x00000660       0x33 c:/nxp/lpcxpresso_7.9.0_455/lpcxpresso/tools/bin/../lib/gcc/arm-none-eabi/4.9.3/../../../../arm-none-eabi/lib/armv7-m\libcr_c.a(errno.o)
 .ARM.attributes
                0x00000693       0x33 c:/nxp/lpcxpresso_7.9.0_455/lpcxpresso/tools/bin/../lib/gcc/arm-none-eabi/4.9.3/../../../../arm-none-eabi/lib/armv7-m\libcr_c.a(fabs.o)
 .ARM.attributes
                0x000006c6       0x33 c:/nxp/lpcxpresso_7.9.0_455/lpcxpresso/tools/bin/../lib/gcc/arm-none-eabi/4.9.3/../../../../arm-none-eabi/lib/armv7-m\libcr_c.a(fclose.o)
 .ARM.attributes
                0x000006f9       0x33 c:/nxp/lpcxpresso_7.9.0_455/lpcxpresso/tools/bin/../lib/gcc/arm-none-eabi/4.9.3/../../../../arm-none-eabi/lib/armv7-m\libcr_c.a(fflush.o)
 .ARM.attributes
                0x0000072c       0x33 c:/nxp/lpcxpresso_7.9.0_455/lpcxpresso/tools/bin/../lib/gcc/arm-none-eabi/4.9.3/../../../../arm-none-eabi/lib/armv7-m\libcr_c.a(frexp.o)
 .ARM.attributes
                0x0000075f       0x33 c:/nxp/lpcxpresso_7.9.0_455/lpcxpresso/tools/bin/../lib/gcc/arm-none-eabi/4.9.3/../../../../arm-none-eabi/lib/armv7-m\libcr_c.a(fseek.o)
 .ARM.attributes
                0x00000792       0x33 c:/nxp/lpcxpresso_7.9.0_455/lpcxpresso/tools/bin/../lib/gcc/arm-none-eabi/4.9.3/../../../../arm-none-eabi/lib/armv7-m\libcr_c.a(ftell.o)
 .ARM.attributes
                0x000007c5       0x33 c:/nxp/lpcxpresso_7.9.0_455/lpcxpresso/tools/bin/../lib/gcc/arm-none-eabi/4.9.3/../../../../arm-none-eabi/lib/armv7-m\libcr_c.a(ldexp.o)
 .ARM.attributes
                0x000007f8       0x33 c:/nxp/lpcxpresso_7.9.0_455/lpcxpresso/tools/bin/../lib/gcc/arm-none-eabi/4.9.3/../../../../arm-none-eabi/lib/armv7-m\libcr_c.a(remove.o)
 .ARM.attributes
                0x0000082b       0x33 c:/nxp/lpcxpresso_7.9.0_455/lpcxpresso/tools/bin/../lib/gcc/arm-none-eabi/4.9.3/../../../../arm-none-eabi/lib/armv7-m\libcr_c.a(__init_alloc.o)
 .ARM.attributes
                0x0000085e       0x33 c:/nxp/lpcxpresso_7.9.0_455/lpcxpresso/tools/bin/../lib/gcc/arm-none-eabi/4.9.3/../../../../arm-none-eabi/lib/armv7-m\libcr_c.a(_cr_sbrk.o)
 .ARM.attributes
                0x00000891       0x33 c:/nxp/lpcxpresso_7.9.0_455/lpcxpresso/tools/bin/../lib/gcc/arm-none-eabi/4.9.3/../../../../arm-none-eabi/lib/armv7-m\libcr_c.a(_do_fflush.o)
 .ARM.attributes
                0x000008c4       0x33 c:/nxp/lpcxpresso_7.9.0_455/lpcxpresso/tools/bin/../lib/gcc/arm-none-eabi/4.9.3/../../../../arm-none-eabi/lib/armv7-m\libcr_c.a(_cr_check_heap.o)
 .ARM.attributes
                0x000008f7       0x33 c:/nxp/lpcxpresso_7.9.0_455/lpcxpresso/tools/bin/../lib/gcc/arm-none-eabi/4.9.3/armv7-m\libcr_eabihelpers.a(double.o)
 .ARM.attributes
                0x0000092a       0x33 c:/nxp/lpcxpresso_7.9.0_455/lpcxpresso/tools/bin/../lib/gcc/arm-none-eabi/4.9.3/armv7-m\libcr_eabihelpers.a(float.o)
 .ARM.attributes
                0x0000095d       0x21 c:/nxp/lpcxpresso_7.9.0_455/lpcxpresso/tools/bin/../lib/gcc/arm-none-eabi/4.9.3/armv7-m\libcr_eabihelpers.a(memcpy.o)
 .ARM.attributes
                0x0000097e       0x21 c:/nxp/lpcxpresso_7.9.0_455/lpcxpresso/tools/bin/../lib/gcc/arm-none-eabi/4.9.3/../../../../arm-none-eabi/lib/armv7-m\libcr_semihost.a(__sys_appexit.o)
 .ARM.attributes
                0x0000099f       0x21 c:/nxp/lpcxpresso_7.9.0_455/lpcxpresso/tools/bin/../lib/gcc/arm-none-eabi/4.9.3/../../../../arm-none-eabi/lib/armv7-m\libcr_semihost.a(__sys_close.o)
 .ARM.attributes
                0x000009c0       0x21 c:/nxp/lpcxpresso_7.9.0_455/lpcxpresso/tools/bin/../lib/gcc/arm-none-eabi/4.9.3/../../../../arm-none-eabi/lib/armv7-m\libcr_semihost.a(__sys_flen.o)
 .ARM.attributes
                0x000009e1       0x21 c:/nxp/lpcxpresso_7.9.0_455/lpcxpresso/tools/bin/../lib/gcc/arm-none-eabi/4.9.3/../../../../arm-none-eabi/lib/armv7-m\libcr_semihost.a(__sys_istty.o)
 .ARM.attributes
                0x00000a02       0x21 c:/nxp/lpcxpresso_7.9.0_455/lpcxpresso/tools/bin/../lib/gcc/arm-none-eabi/4.9.3/../../../../arm-none-eabi/lib/armv7-m\libcr_semihost.a(__sys_remove.o)
 .ARM.attributes
                0x00000a23       0x21 c:/nxp/lpcxpresso_7.9.0_455/lpcxpresso/tools/bin/../lib/gcc/arm-none-eabi/4.9.3/../../../../arm-none-eabi/lib/armv7-m\libcr_semihost.a(__sys_seek.o)
 .ARM.attributes
                0x00000a44       0x21 c:/nxp/lpcxpresso_7.9.0_455/lpcxpresso/tools/bin/../lib/gcc/arm-none-eabi/4.9.3/../../../../arm-none-eabi/lib/armv7-m\libcr_semihost.a(__sys_tmpnam.o)
 .ARM.attributes
                0x00000a65       0x21 c:/nxp/lpcxpresso_7.9.0_455/lpcxpresso/tools/bin/../lib/gcc/arm-none-eabi/4.9.3/../../../../arm-none-eabi/lib/armv7-m\libcr_semihost.a(__sys_write.o)

.debug_frame    0x00000000      0x8ac
 .debug_frame   0x00000000      0x4e8 ./src/cmpe240-2DvectorGraphics.o
 .debug_frame   0x000004e8      0x170 ./src/cr_startup_lpc175x_6x.o
 .debug_frame   0x00000658       0xa8 ./src/extint.o
 .debug_frame   0x00000700      0x170 ./src/ssp.o
 .debug_frame   0x00000870       0x3c C:\Users\sasha\Documents\LPCXpresso_7.9.0_455\workspace\CMSIS_CORE_LPC17xx\Debug\libCMSIS_CORE_LPC17xx.a(system_LPC17xx.o)
